[WARN] Unsupported engine: wanted: {"node":">=24.0.0 <25"} (current: {"node":"v26.8.1","pnpm":"11.24.0"})
$ pnpm test:ts && pnpm test:go && pnpm test:tooling
[WARN] Unsupported engine: wanted: {"node":">=24.0.0 <25"} (current: {"node":"v26.8.1","pnpm":"11.24.0"})
$ pnpm -r --if-present test
.                                        | [WARN] Unsupported engine: wanted: {"node":">=24.0.0 <25"} (current: {"node":"v26.8.1","pnpm":"11.24.0"})
Scope: 7 of 8 workspace projects
apps/dashboard test$ node --test server.test.mjs
packages/protocol test$ vitest run
apps/dashboard test: ✔ serves the dashboard with restrictive security headers (1.079041ms)
apps/dashboard test: ✔ serves generated telemetry without caching (93.798125ms)
apps/dashboard test: ✔ rejects unknown paths and mutating methods (0.128667ms)
apps/dashboard test: ℹ tests 3
apps/dashboard test: ℹ suites 0
apps/dashboard test: ℹ pass 3
apps/dashboard test: ℹ fail 0
apps/dashboard test: ℹ cancelled 0
apps/dashboard test: ℹ skipped 0
apps/dashboard test: ℹ todo 0
apps/dashboard test: ℹ duration_ms 137.514375
apps/dashboard test: Done
packages/protocol test:  RUN  v4.1.11 /private/tmp/promptiris-role-enforce/packages/protocol
packages/protocol test:  Test Files  2 passed (2)
packages/protocol test:       Tests  39 passed (39)
packages/protocol test:    Start at  00:05:55
packages/protocol test:    Duration  163ms (transform 39ms, setup 0ms, import 156ms, tests 24ms, environment 0ms)
packages/protocol test: Done
packages/plugin-sdk test$ vitest run
packages/plugin-sdk test:  RUN  v4.1.11 /private/tmp/promptiris-role-enforce/packages/plugin-sdk
packages/plugin-sdk test:  Test Files  4 passed (4)
packages/plugin-sdk test:       Tests  36 passed (36)
packages/plugin-sdk test:    Start at  00:05:55
packages/plugin-sdk test:    Duration  167ms (transform 103ms, setup 0ms, import 338ms, tests 44ms, environment 0ms)
packages/plugin-sdk test: Done
packages/core test$ vitest run
packages/core test:  RUN  v4.1.11 /private/tmp/promptiris-role-enforce/packages/core
packages/core test:  Test Files  12 passed (12)
packages/core test:       Tests  196 passed (196)
packages/core test:    Start at  00:05:55
packages/core test:    Duration  314ms (transform 450ms, setup 0ms, import 1.10s, tests 181ms, environment 0ms)
packages/core test: Done
apps/runtime-node test$ vitest run
packages/observer-devtools test$ vitest run
packages/testkit test$ vitest run
packages/observer-devtools test:  RUN  v4.1.11 /private/tmp/promptiris-role-enforce/packages/observer-devtools
packages/testkit test:  RUN  v4.1.11 /private/tmp/promptiris-role-enforce/packages/testkit
apps/runtime-node test:  RUN  v4.1.11 /private/tmp/promptiris-role-enforce/apps/runtime-node
packages/testkit test:  Test Files  1 passed (1)
packages/testkit test:       Tests  1 passed (1)
packages/testkit test:    Start at  00:05:56
packages/testkit test:    Duration  328ms (transform 108ms, setup 0ms, import 214ms, tests 2ms, environment 0ms)
packages/testkit test: Done
packages/observer-devtools test:  Test Files  4 passed (4)
packages/observer-devtools test:       Tests  97 passed (97)
packages/observer-devtools test:    Start at  00:05:56
packages/observer-devtools test:    Duration  613ms (transform 283ms, setup 0ms, import 613ms, tests 560ms, environment 0ms)
packages/observer-devtools test: Done
apps/runtime-node test:  Test Files  5 passed (5)
apps/runtime-node test:       Tests  85 passed (85)
apps/runtime-node test:    Start at  00:05:56
apps/runtime-node test:    Duration  7.15s (transform 396ms, setup 0ms, import 841ms, tests 6.96s, environment 0ms)
apps/runtime-node test: Done
[WARN] Unsupported engine: wanted: {"node":">=24.0.0 <25"} (current: {"node":"v26.8.1","pnpm":"11.24.0"})
$ cd apps/cli-go && GOCACHE=${TMPDIR:-/tmp}/meta-prompt-go-cache go test ./...
ok  	github.com/iamaamir/promptiris/apps/cli-go	(cached)
[WARN] Unsupported engine: wanted: {"node":">=24.0.0 <25"} (current: {"node":"v26.8.1","pnpm":"11.24.0"})
$ node --test tooling/telemetry/*.test.mjs tooling/quality/*.test.mjs && ./tooling/quality/agent-context.test.sh && ./tooling/quality/agent-work.test.sh && ./tooling/quality/candidate-finalize.test.sh && ./tooling/quality/ci-import.test.sh && ./tooling/quality/issue-sync.test.sh && ./tooling/quality/tool-trace.test.sh
✔ CodeQL runs security-and-quality analysis and the project query pack (4.811375ms)
✔ the project query governs every Node process-launch API (0.73125ms)
✔ role evidence rejects symlinks and platforms without no-follow file opens (7.472ms)
✔ discovers only canonical workspace coverage reports (12.550209ms)
✔ every shared fixture is exercised by a deterministic consumer (6.568167ms)
✔ forbidden-addition rules are monotonic (0.560125ms)
✔ rejects mutation policy weakening and target removal (0.104416ms)
✔ allows monotonic mutation policy improvements (0.047625ms)
✔ allows exactly one safe additive mutation-target registration (0.252959ms)
✔ allows a batch of independently strict mutation-target registrations (0.108125ms)
✔ rejects a batch when a registered target has no matching policy (0.070666ms)
✔ rejects mutation registration that changes aggregate policy or starts with debt (0.053208ms)
✔ requires changed production sources to be mutation governed (0.060542ms)
✔ rejects removal from the executable Stryker target list (0.058042ms)
✔ enforces Work Item paths, test deletion, and immutable goldens (0.240417ms)
✔ rejects new suppressions and skipped tests (0.093041ms)
✔ requires explicit coverage floors at or above 90 percent (9.636166ms)
✔ returns a stable unavailable shape when the mutation report is missing (1.052167ms)
✔ returns a stable unavailable shape when the mutation report has no files (0.061042ms)
✔ summarizes mutation debt separately from excluded mutants (0.644875ms)
✔ reports aggregate, target, and missing-baseline regressions (0.09375ms)
✔ rejects silent removal of a governed mutation target (0.064333ms)
✔ accepts SHA-bound source-blind QA evidence (0.915459ms)
✔ rejects QA that is not source blind (0.072458ms)
✔ accepts hardener evidence without claiming source blindness (0.119042ms)
✔ tool evidence redacts common credential shapes before persistence (52.125125ms)
✔ registers one safe production mutation target and rejects unsafe repeats (99.305166ms)
✔ reviewer reports bind verdicts, comments, findings, and evidence to a candidate (0.8345ms)
✔ reviewer reports reject narrative-only or unlocated findings (0.363958ms)
✔ canonical JSON is independent of object insertion order (5.154458ms)
✔ ledger replay requires contiguous append-only transitions (0.363875ms)
✔ authoritative attempts require completed zero-finding role attempts (0.127125ms)
✔ attestation validation binds identity and validity window (0.100125ms)
✔ evidence references reject absolute and escaping paths before reading (0.086375ms)
✔ bundle validation requires an exact immutable regular-file tree (2.461ms)
✔ attack surfaces are classified deterministically (0.975417ms)
✔ role interface guides and enforces attempt preparation (1794.351292ms)
✔ binding and verification require three attested independent roles (3706.844208ms)
✔ attempt requires provenance and completed evidence bindings (15.023041ms)
✔ attestation restricts access mode and validates dates (1.595333ms)
✔ input manifests require complete Candidate and role bindings (5.235042ms)
✔ role ledgers require Candidate identity and structured entries (7.087583ms)
✔ test strategies are unique, classified, and evidence-bearing (0.612834ms)
✔ excludes unsupported historical traces from current aggregates (35.805875ms)
✔ summarizes verification runs and mutation evidence (21.409ms)
✔ ignores stale coverage outside canonical workspaces (21.273208ms)
✔ aggregates and attributes traces across worktrees without duplication (19.37925ms)
ℹ tests 47
ℹ suites 0
ℹ pass 47
ℹ fail 0
ℹ cancelled 0
ℹ skipped 0
ℹ todo 0
ℹ duration_ms 5746.179166
agent-context tests passed
warning: reclaimed expired claim: /private/var/folders/84/kjnjm26150s_jmsy6hhz4wgh0000gn/T/promptiris-agent-work-test.lRAhyH/repo/.agent/claims/isolated-task.json
agent-work tests passed
candidate finalization tests passed
CI import tests passed
issue-sync tests passed
tool-trace tests passed
