[WARN] Unsupported engine: wanted: {"node":">=24.0.0 <25"} (current: {"node":"v26.8.1","pnpm":"11.24.0"})
$ pnpm test:ts && pnpm test:go && pnpm test:tooling
[WARN] Unsupported engine: wanted: {"node":">=24.0.0 <25"} (current: {"node":"v26.8.1","pnpm":"11.24.0"})
$ pnpm -r --if-present test
.                                        | [WARN] Unsupported engine: wanted: {"node":">=24.0.0 <25"} (current: {"node":"v26.8.1","pnpm":"11.24.0"})
Scope: 7 of 8 workspace projects
apps/dashboard test$ node --test server.test.mjs
packages/protocol test$ vitest run
apps/dashboard test: ✔ serves the dashboard with restrictive security headers (1.340667ms)
apps/dashboard test: ✔ serves generated telemetry without caching (115.142209ms)
apps/dashboard test: ✔ rejects unknown paths and mutating methods (0.202666ms)
apps/dashboard test: ℹ tests 3
apps/dashboard test: ℹ suites 0
apps/dashboard test: ℹ pass 3
apps/dashboard test: ℹ fail 0
apps/dashboard test: ℹ cancelled 0
apps/dashboard test: ℹ skipped 0
apps/dashboard test: ℹ todo 0
apps/dashboard test: ℹ duration_ms 164.086708
apps/dashboard test: Done
packages/protocol test:  RUN  v4.1.11 /private/tmp/promptiris-role-enforce/packages/protocol
packages/protocol test:  Test Files  2 passed (2)
packages/protocol test:       Tests  39 passed (39)
packages/protocol test:    Start at  11:56:33
packages/protocol test:    Duration  174ms (transform 46ms, setup 0ms, import 170ms, tests 26ms, environment 0ms)
packages/protocol test: Done
packages/plugin-sdk test$ vitest run
packages/plugin-sdk test:  RUN  v4.1.11 /private/tmp/promptiris-role-enforce/packages/plugin-sdk
packages/plugin-sdk test:  Test Files  4 passed (4)
packages/plugin-sdk test:       Tests  36 passed (36)
packages/plugin-sdk test:    Start at  11:56:33
packages/plugin-sdk test:    Duration  172ms (transform 96ms, setup 0ms, import 331ms, tests 43ms, environment 0ms)
packages/plugin-sdk test: Done
packages/core test$ vitest run
packages/core test:  RUN  v4.1.11 /private/tmp/promptiris-role-enforce/packages/core
packages/core test:  Test Files  12 passed (12)
packages/core test:       Tests  196 passed (196)
packages/core test:    Start at  11:56:34
packages/core test:    Duration  331ms (transform 465ms, setup 0ms, import 1.10s, tests 176ms, environment 1ms)
packages/core test: Done
apps/runtime-node test$ vitest run
packages/observer-devtools test$ vitest run
packages/testkit test$ vitest run
packages/observer-devtools test:  RUN  v4.1.11 /private/tmp/promptiris-role-enforce/packages/observer-devtools
apps/runtime-node test:  RUN  v4.1.11 /private/tmp/promptiris-role-enforce/apps/runtime-node
packages/testkit test:  RUN  v4.1.11 /private/tmp/promptiris-role-enforce/packages/testkit
packages/testkit test:  Test Files  1 passed (1)
packages/testkit test:       Tests  1 passed (1)
packages/testkit test:    Start at  11:56:34
packages/testkit test:    Duration  309ms (transform 112ms, setup 0ms, import 198ms, tests 2ms, environment 0ms)
packages/testkit test: Done
packages/observer-devtools test:  Test Files  4 passed (4)
packages/observer-devtools test:       Tests  97 passed (97)
packages/observer-devtools test:    Start at  11:56:34
packages/observer-devtools test:    Duration  607ms (transform 261ms, setup 0ms, import 573ms, tests 562ms, environment 0ms)
packages/observer-devtools test: Done
apps/runtime-node test:  Test Files  5 passed (5)
apps/runtime-node test:       Tests  85 passed (85)
apps/runtime-node test:    Start at  11:56:34
apps/runtime-node test:    Duration  7.15s (transform 303ms, setup 0ms, import 726ms, tests 6.96s, environment 0ms)
apps/runtime-node test: Done
[WARN] Unsupported engine: wanted: {"node":">=24.0.0 <25"} (current: {"node":"v26.8.1","pnpm":"11.24.0"})
$ cd apps/cli-go && GOCACHE=${TMPDIR:-/tmp}/meta-prompt-go-cache go test ./...
ok  	github.com/iamaamir/promptiris/apps/cli-go	(cached)
[WARN] Unsupported engine: wanted: {"node":">=24.0.0 <25"} (current: {"node":"v26.8.1","pnpm":"11.24.0"})
$ node --test tooling/telemetry/*.test.mjs tooling/quality/*.test.mjs && ./tooling/quality/agent-context.test.sh && ./tooling/quality/agent-work.test.sh && ./tooling/quality/candidate-finalize.test.sh && ./tooling/quality/ci-import.test.sh && ./tooling/quality/issue-sync.test.sh && ./tooling/quality/tool-trace.test.sh
✔ CodeQL runs security-and-quality analysis and the project query pack (2.104917ms)
✔ the project query governs every Node process-launch API (1.244041ms)
✔ role evidence rejects symlinks and platforms without no-follow file opens (4.452292ms)
✔ discovers only canonical workspace coverage reports (9.659167ms)
✔ every shared fixture is exercised by a deterministic consumer (3.918125ms)
✔ forbidden-addition rules are monotonic (0.562709ms)
✔ rejects mutation policy weakening and target removal (0.104625ms)
✔ allows monotonic mutation policy improvements (0.048458ms)
✔ allows exactly one safe additive mutation-target registration (0.2785ms)
✔ allows a batch of independently strict mutation-target registrations (0.211ms)
✔ rejects a batch when a registered target has no matching policy (0.204833ms)
✔ rejects mutation registration that changes aggregate policy or starts with debt (0.136625ms)
✔ requires changed production sources to be mutation governed (0.146416ms)
✔ rejects removal from the executable Stryker target list (0.135791ms)
✔ enforces Work Item paths, test deletion, and immutable goldens (0.548625ms)
✔ rejects new suppressions and skipped tests (0.192125ms)
✔ requires explicit coverage floors at or above 90 percent (8.937625ms)
✔ returns a stable unavailable shape when the mutation report is missing (1.424208ms)
✔ returns a stable unavailable shape when the mutation report has no files (0.068125ms)
✔ summarizes mutation debt separately from excluded mutants (0.627458ms)
✔ reports aggregate, target, and missing-baseline regressions (0.090042ms)
✔ rejects silent removal of a governed mutation target (0.067042ms)
✔ accepts SHA-bound source-blind QA evidence (0.651833ms)
✔ rejects QA that is not source blind (0.050958ms)
✔ accepts hardener evidence without claiming source blindness (0.103208ms)
✔ tool evidence redacts common credential shapes before persistence (40.743333ms)
✔ registers one safe production mutation target and rejects unsafe repeats (102.120083ms)
✔ reviewer reports bind verdicts, comments, findings, and evidence to a candidate (0.928292ms)
✔ reviewer reports reject narrative-only or unlocated findings (0.255917ms)
✔ canonical JSON is independent of object insertion order (5.217375ms)
✔ ledger replay requires contiguous append-only transitions (0.386375ms)
✔ authoritative attempts require completed zero-finding role attempts (0.131583ms)
✔ attestation validation binds identity and validity window (0.100292ms)
✔ evidence references reject absolute and escaping paths before reading (0.122791ms)
✔ bundle validation requires an exact immutable regular-file tree (2.421459ms)
✔ attack surfaces are classified deterministically (3.010791ms)
✔ role interface guides and enforces attempt preparation (2202.11925ms)
✔ binding and verification require three attested independent roles (4896.351916ms)
✔ attempt requires provenance and completed evidence bindings (14.839041ms)
✔ attestation restricts access mode and validates dates (1.669958ms)
✔ input manifests require complete Candidate and role bindings (5.414833ms)
✔ role ledgers require Candidate identity and structured entries (7.598459ms)
✔ test strategies are unique, classified, and evidence-bearing (0.55375ms)
✔ excludes unsupported historical traces from current aggregates (35.113833ms)
✔ summarizes verification runs and mutation evidence (22.095958ms)
✔ ignores stale coverage outside canonical workspaces (18.159125ms)
✔ aggregates and attributes traces across worktrees without duplication (19.368208ms)
ℹ tests 47
ℹ suites 0
ℹ pass 47
ℹ fail 0
ℹ cancelled 0
ℹ skipped 0
ℹ todo 0
ℹ duration_ms 7349.721708
agent-context tests passed
warning: reclaimed expired claim: /private/var/folders/84/kjnjm26150s_jmsy6hhz4wgh0000gn/T/promptiris-agent-work-test.Kl8Fiy/repo/.agent/claims/isolated-task.json
agent-work tests passed
candidate finalization tests passed
CI import tests passed
issue-sync tests passed
tool-trace tests passed
