[WARN] Unsupported engine: wanted: {"node":">=24.0.0 <25"} (current: {"node":"v26.8.1","pnpm":"11.24.0"})
$ pnpm test:ts && pnpm test:go && pnpm test:tooling
[WARN] Unsupported engine: wanted: {"node":">=24.0.0 <25"} (current: {"node":"v26.8.1","pnpm":"11.24.0"})
$ pnpm -r --if-present test
.                                        | [WARN] Unsupported engine: wanted: {"node":">=24.0.0 <25"} (current: {"node":"v26.8.1","pnpm":"11.24.0"})
Scope: 7 of 8 workspace projects
apps/dashboard test$ node --test server.test.mjs
packages/protocol test$ vitest run
apps/dashboard test: ✔ serves the dashboard with restrictive security headers (1.103083ms)
apps/dashboard test: ✔ serves generated telemetry without caching (99.90325ms)
apps/dashboard test: ✔ rejects unknown paths and mutating methods (0.125167ms)
apps/dashboard test: ℹ tests 3
apps/dashboard test: ℹ suites 0
apps/dashboard test: ℹ pass 3
apps/dashboard test: ℹ fail 0
apps/dashboard test: ℹ cancelled 0
apps/dashboard test: ℹ skipped 0
apps/dashboard test: ℹ todo 0
apps/dashboard test: ℹ duration_ms 145.4525
apps/dashboard test: Done
packages/protocol test:  RUN  v4.1.11 /private/tmp/promptiris-role-enforce/packages/protocol
packages/protocol test:  Test Files  2 passed (2)
packages/protocol test:       Tests  39 passed (39)
packages/protocol test:    Start at  11:43:05
packages/protocol test:    Duration  167ms (transform 40ms, setup 0ms, import 160ms, tests 26ms, environment 0ms)
packages/protocol test: Done
packages/plugin-sdk test$ vitest run
packages/plugin-sdk test:  RUN  v4.1.11 /private/tmp/promptiris-role-enforce/packages/plugin-sdk
packages/plugin-sdk test:  Test Files  4 passed (4)
packages/plugin-sdk test:       Tests  36 passed (36)
packages/plugin-sdk test:    Start at  11:43:06
packages/plugin-sdk test:    Duration  162ms (transform 86ms, setup 0ms, import 308ms, tests 42ms, environment 0ms)
packages/plugin-sdk test: Done
packages/core test$ vitest run
packages/core test:  RUN  v4.1.11 /private/tmp/promptiris-role-enforce/packages/core
packages/core test:  Test Files  12 passed (12)
packages/core test:       Tests  196 passed (196)
packages/core test:    Start at  11:43:06
packages/core test:    Duration  334ms (transform 504ms, setup 0ms, import 1.16s, tests 160ms, environment 1ms)
packages/core test: Done
apps/runtime-node test$ vitest run
packages/testkit test$ vitest run
packages/observer-devtools test$ vitest run
packages/observer-devtools test:  RUN  v4.1.11 /private/tmp/promptiris-role-enforce/packages/observer-devtools
apps/runtime-node test:  RUN  v4.1.11 /private/tmp/promptiris-role-enforce/apps/runtime-node
packages/testkit test:  RUN  v4.1.11 /private/tmp/promptiris-role-enforce/packages/testkit
packages/testkit test:  Test Files  1 passed (1)
packages/testkit test:       Tests  1 passed (1)
packages/testkit test:    Start at  11:43:06
packages/testkit test:    Duration  299ms (transform 96ms, setup 0ms, import 193ms, tests 2ms, environment 0ms)
packages/testkit test: Done
packages/observer-devtools test:  Test Files  4 passed (4)
packages/observer-devtools test:       Tests  97 passed (97)
packages/observer-devtools test:    Start at  11:43:06
packages/observer-devtools test:    Duration  631ms (transform 313ms, setup 0ms, import 631ms, tests 571ms, environment 0ms)
packages/observer-devtools test: Done
apps/runtime-node test:  Test Files  5 passed (5)
apps/runtime-node test:       Tests  85 passed (85)
apps/runtime-node test:    Start at  11:43:06
apps/runtime-node test:    Duration  7.17s (transform 302ms, setup 0ms, import 777ms, tests 6.97s, environment 0ms)
apps/runtime-node test: Done
[WARN] Unsupported engine: wanted: {"node":">=24.0.0 <25"} (current: {"node":"v26.8.1","pnpm":"11.24.0"})
$ cd apps/cli-go && GOCACHE=${TMPDIR:-/tmp}/meta-prompt-go-cache go test ./...
ok  	github.com/iamaamir/promptiris/apps/cli-go	(cached)
[WARN] Unsupported engine: wanted: {"node":">=24.0.0 <25"} (current: {"node":"v26.8.1","pnpm":"11.24.0"})
$ node --test tooling/telemetry/*.test.mjs tooling/quality/*.test.mjs && ./tooling/quality/agent-context.test.sh && ./tooling/quality/agent-work.test.sh && ./tooling/quality/candidate-finalize.test.sh && ./tooling/quality/ci-import.test.sh && ./tooling/quality/issue-sync.test.sh && ./tooling/quality/tool-trace.test.sh
✔ CodeQL runs security-and-quality analysis and the project query pack (5.069ms)
✔ the project query governs every Node process-launch API (0.713166ms)
✔ role evidence rejects symlinks and platforms without no-follow file opens (5.251834ms)
✔ discovers only canonical workspace coverage reports (16.310083ms)
✔ every shared fixture is exercised by a deterministic consumer (13.357833ms)
✔ forbidden-addition rules are monotonic (0.562834ms)
✔ rejects mutation policy weakening and target removal (0.109459ms)
✔ allows monotonic mutation policy improvements (0.051ms)
✔ allows exactly one safe additive mutation-target registration (0.2665ms)
✔ allows a batch of independently strict mutation-target registrations (0.110375ms)
✔ rejects a batch when a registered target has no matching policy (0.067417ms)
✔ rejects mutation registration that changes aggregate policy or starts with debt (0.049666ms)
✔ requires changed production sources to be mutation governed (0.055709ms)
✔ rejects removal from the executable Stryker target list (0.055209ms)
✔ enforces Work Item paths, test deletion, and immutable goldens (0.232916ms)
✔ rejects new suppressions and skipped tests (0.094834ms)
✔ requires explicit coverage floors at or above 90 percent (13.240709ms)
✔ returns a stable unavailable shape when the mutation report is missing (2.856791ms)
✔ returns a stable unavailable shape when the mutation report has no files (0.185875ms)
✔ summarizes mutation debt separately from excluded mutants (2.133917ms)
✔ reports aggregate, target, and missing-baseline regressions (0.227875ms)
✔ rejects silent removal of a governed mutation target (0.084583ms)
✔ accepts SHA-bound source-blind QA evidence (0.64175ms)
✔ rejects QA that is not source blind (0.049833ms)
✔ accepts hardener evidence without claiming source blindness (0.108791ms)
✔ tool evidence redacts common credential shapes before persistence (54.408792ms)
✔ registers one safe production mutation target and rejects unsafe repeats (101.747208ms)
✔ reviewer reports bind verdicts, comments, findings, and evidence to a candidate (1.402ms)
✔ reviewer reports reject narrative-only or unlocated findings (0.287541ms)
✔ canonical JSON is independent of object insertion order (5.157ms)
✔ ledger replay requires contiguous append-only transitions (0.400583ms)
✔ authoritative attempts require completed zero-finding role attempts (0.134875ms)
✔ attestation validation binds identity and validity window (0.111833ms)
✔ evidence references reject absolute and escaping paths before reading (0.101833ms)
✔ bundle validation requires an exact immutable regular-file tree (2.589167ms)
✔ attack surfaces are classified deterministically (1.037667ms)
✔ role interface guides and enforces attempt preparation (2349.724666ms)
✔ binding and verification require three attested independent roles (4887.825458ms)
✔ attempt requires provenance and completed evidence bindings (15.164791ms)
✔ attestation restricts access mode and validates dates (1.391583ms)
✔ input manifests require complete Candidate and role bindings (5.639458ms)
✔ role ledgers require Candidate identity and structured entries (8.034458ms)
✔ test strategies are unique, classified, and evidence-bearing (0.612792ms)
✔ excludes unsupported historical traces from current aggregates (38.606833ms)
✔ summarizes verification runs and mutation evidence (24.4395ms)
✔ ignores stale coverage outside canonical workspaces (19.55125ms)
✔ aggregates and attributes traces across worktrees without duplication (22.558916ms)
ℹ tests 47
ℹ suites 0
ℹ pass 47
ℹ fail 0
ℹ cancelled 0
ℹ skipped 0
ℹ todo 0
ℹ duration_ms 7499.008875
agent-context tests passed
warning: reclaimed expired claim: /private/var/folders/84/kjnjm26150s_jmsy6hhz4wgh0000gn/T/promptiris-agent-work-test.desKG0/repo/.agent/claims/isolated-task.json
agent-work tests passed
candidate finalization tests passed
CI import tests passed
issue-sync tests passed
tool-trace tests passed
