[WARN] Unsupported engine: wanted: {"node":">=24.0.0 <25"} (current: {"node":"v26.8.1","pnpm":"11.24.0"})
$ pnpm test:ts && pnpm test:go && pnpm test:tooling
[WARN] Unsupported engine: wanted: {"node":">=24.0.0 <25"} (current: {"node":"v26.8.1","pnpm":"11.24.0"})
$ pnpm -r --if-present test
.                                        | [WARN] Unsupported engine: wanted: {"node":">=24.0.0 <25"} (current: {"node":"v26.8.1","pnpm":"11.24.0"})
Scope: 7 of 8 workspace projects
apps/dashboard test$ node --test server.test.mjs
packages/protocol test$ vitest run
apps/dashboard test: ✔ serves the dashboard with restrictive security headers (1.230875ms)
apps/dashboard test: ✔ serves generated telemetry without caching (123.201875ms)
apps/dashboard test: ✔ rejects unknown paths and mutating methods (0.167583ms)
apps/dashboard test: ℹ tests 3
apps/dashboard test: ℹ suites 0
apps/dashboard test: ℹ pass 3
apps/dashboard test: ℹ fail 0
apps/dashboard test: ℹ cancelled 0
apps/dashboard test: ℹ skipped 0
apps/dashboard test: ℹ todo 0
apps/dashboard test: ℹ duration_ms 173.9075
apps/dashboard test: Done
packages/protocol test:  RUN  v4.1.11 /private/tmp/promptiris-role-enforce/packages/protocol
packages/protocol test:  Test Files  2 passed (2)
packages/protocol test:       Tests  39 passed (39)
packages/protocol test:    Start at  23:59:34
packages/protocol test:    Duration  180ms (transform 48ms, setup 0ms, import 169ms, tests 26ms, environment 0ms)
packages/protocol test: Done
packages/plugin-sdk test$ vitest run
packages/plugin-sdk test:  RUN  v4.1.11 /private/tmp/promptiris-role-enforce/packages/plugin-sdk
packages/plugin-sdk test:  Test Files  4 passed (4)
packages/plugin-sdk test:       Tests  36 passed (36)
packages/plugin-sdk test:    Start at  23:59:34
packages/plugin-sdk test:    Duration  169ms (transform 83ms, setup 0ms, import 340ms, tests 42ms, environment 0ms)
packages/plugin-sdk test: Done
packages/core test$ vitest run
packages/core test:  RUN  v4.1.11 /private/tmp/promptiris-role-enforce/packages/core
packages/core test:  Test Files  12 passed (12)
packages/core test:       Tests  196 passed (196)
packages/core test:    Start at  23:59:35
packages/core test:    Duration  372ms (transform 514ms, setup 0ms, import 1.20s, tests 192ms, environment 1ms)
packages/core test: Done
apps/runtime-node test$ vitest run
packages/testkit test$ vitest run
packages/observer-devtools test$ vitest run
packages/testkit test:  RUN  v4.1.11 /private/tmp/promptiris-role-enforce/packages/testkit
apps/runtime-node test:  RUN  v4.1.11 /private/tmp/promptiris-role-enforce/apps/runtime-node
packages/observer-devtools test:  RUN  v4.1.11 /private/tmp/promptiris-role-enforce/packages/observer-devtools
packages/testkit test:  Test Files  1 passed (1)
packages/testkit test:       Tests  1 passed (1)
packages/testkit test:    Start at  23:59:35
packages/testkit test:    Duration  328ms (transform 96ms, setup 0ms, import 228ms, tests 3ms, environment 0ms)
packages/testkit test: Done
packages/observer-devtools test:  Test Files  4 passed (4)
packages/observer-devtools test:       Tests  97 passed (97)
packages/observer-devtools test:    Start at  23:59:35
packages/observer-devtools test:    Duration  621ms (transform 276ms, setup 0ms, import 621ms, tests 562ms, environment 1ms)
packages/observer-devtools test: Done
apps/runtime-node test:  Test Files  5 passed (5)
apps/runtime-node test:       Tests  85 passed (85)
apps/runtime-node test:    Start at  23:59:35
apps/runtime-node test:    Duration  7.21s (transform 332ms, setup 0ms, import 788ms, tests 7.00s, environment 0ms)
apps/runtime-node test: Done
[WARN] Unsupported engine: wanted: {"node":">=24.0.0 <25"} (current: {"node":"v26.8.1","pnpm":"11.24.0"})
$ cd apps/cli-go && GOCACHE=${TMPDIR:-/tmp}/meta-prompt-go-cache go test ./...
ok  	github.com/iamaamir/promptiris/apps/cli-go	(cached)
[WARN] Unsupported engine: wanted: {"node":">=24.0.0 <25"} (current: {"node":"v26.8.1","pnpm":"11.24.0"})
$ node --test tooling/telemetry/*.test.mjs tooling/quality/*.test.mjs && ./tooling/quality/agent-context.test.sh && ./tooling/quality/agent-work.test.sh && ./tooling/quality/candidate-finalize.test.sh && ./tooling/quality/ci-import.test.sh && ./tooling/quality/issue-sync.test.sh && ./tooling/quality/tool-trace.test.sh
✔ CodeQL runs security-and-quality analysis and the project query pack (2.268625ms)
✔ the project query governs every Node process-launch API (0.636833ms)
✔ role evidence rejects symlinks and platforms without no-follow file opens (7.285334ms)
✔ discovers only canonical workspace coverage reports (11.839042ms)
✔ every shared fixture is exercised by a deterministic consumer (9.532ms)
✔ forbidden-addition rules are monotonic (0.658792ms)
✔ rejects mutation policy weakening and target removal (0.115417ms)
✔ allows monotonic mutation policy improvements (0.051709ms)
✔ allows exactly one safe additive mutation-target registration (0.267917ms)
✔ allows a batch of independently strict mutation-target registrations (0.108375ms)
✔ rejects a batch when a registered target has no matching policy (0.270709ms)
✔ rejects mutation registration that changes aggregate policy or starts with debt (0.1465ms)
✔ requires changed production sources to be mutation governed (0.118541ms)
✔ rejects removal from the executable Stryker target list (0.263208ms)
✔ enforces Work Item paths, test deletion, and immutable goldens (0.580417ms)
✔ rejects new suppressions and skipped tests (0.334ms)
✔ requires explicit coverage floors at or above 90 percent (4.840459ms)
✔ returns a stable unavailable shape when the mutation report is missing (2.618208ms)
✔ returns a stable unavailable shape when the mutation report has no files (0.359583ms)
✔ summarizes mutation debt separately from excluded mutants (1.199ms)
✔ reports aggregate, target, and missing-baseline regressions (0.229666ms)
✔ rejects silent removal of a governed mutation target (0.143125ms)
✔ accepts SHA-bound source-blind QA evidence (1.008583ms)
✔ rejects QA that is not source blind (0.120208ms)
✔ accepts hardener evidence without claiming source blindness (0.193083ms)
✔ tool evidence redacts common credential shapes before persistence (45.012875ms)
✔ registers one safe production mutation target and rejects unsafe repeats (110.604584ms)
✔ reviewer reports bind verdicts, comments, findings, and evidence to a candidate (0.719791ms)
✔ reviewer reports reject narrative-only or unlocated findings (0.121667ms)
✔ canonical JSON is independent of object insertion order (5.021667ms)
✔ ledger replay requires contiguous append-only transitions (0.406625ms)
✔ authoritative attempts require completed zero-finding role attempts (0.139ms)
✔ attestation validation binds identity and validity window (0.103584ms)
✔ evidence references reject absolute and escaping paths before reading (0.126125ms)
✔ bundle validation requires an exact immutable regular-file tree (2.852042ms)
✔ attack surfaces are classified deterministically (3.302583ms)
✔ role interface guides and enforces attempt preparation (2371.4515ms)
✔ binding and verification require three attested independent roles (5045.8475ms)
✔ attempt requires provenance and completed evidence bindings (15.048ms)
✔ attestation restricts access mode and validates dates (1.754ms)
✔ input manifests require complete Candidate and role bindings (7.398ms)
✔ role ledgers require Candidate identity and structured entries (10.493791ms)
✔ test strategies are unique, classified, and evidence-bearing (1.289875ms)
✔ excludes unsupported historical traces from current aggregates (41.12425ms)
✔ summarizes verification runs and mutation evidence (25.195125ms)
✔ ignores stale coverage outside canonical workspaces (21.3065ms)
✔ aggregates and attributes traces across worktrees without duplication (21.836333ms)
ℹ tests 47
ℹ suites 0
ℹ pass 47
ℹ fail 0
ℹ cancelled 0
ℹ skipped 0
ℹ todo 0
ℹ duration_ms 7693.727875
agent-context tests passed
warning: reclaimed expired claim: /private/var/folders/84/kjnjm26150s_jmsy6hhz4wgh0000gn/T/promptiris-agent-work-test.VuwbwX/repo/.agent/claims/isolated-task.json
agent-work tests passed
candidate finalization tests passed
CI import tests passed
issue-sync tests passed
tool-trace tests passed
