[WARN] Unsupported engine: wanted: {"node":">=24.0.0 <25"} (current: {"node":"v26.8.1","pnpm":"11.24.0"})
$ pnpm test:ts && pnpm test:go && pnpm test:tooling
[WARN] Unsupported engine: wanted: {"node":">=24.0.0 <25"} (current: {"node":"v26.8.1","pnpm":"11.24.0"})
$ pnpm -r --if-present test
.                                        | [WARN] Unsupported engine: wanted: {"node":">=24.0.0 <25"} (current: {"node":"v26.8.1","pnpm":"11.24.0"})
Scope: 7 of 8 workspace projects
apps/dashboard test$ node --test server.test.mjs
packages/protocol test$ vitest run
apps/dashboard test: ✔ serves the dashboard with restrictive security headers (1.082958ms)
apps/dashboard test: ✔ serves generated telemetry without caching (90.436875ms)
apps/dashboard test: ✔ rejects unknown paths and mutating methods (0.135ms)
apps/dashboard test: ℹ tests 3
apps/dashboard test: ℹ suites 0
apps/dashboard test: ℹ pass 3
apps/dashboard test: ℹ fail 0
apps/dashboard test: ℹ cancelled 0
apps/dashboard test: ℹ skipped 0
apps/dashboard test: ℹ todo 0
apps/dashboard test: ℹ duration_ms 135.368917
apps/dashboard test: Done
packages/protocol test:  RUN  v4.1.11 /private/tmp/promptiris-role-enforce/packages/protocol
packages/protocol test:  Test Files  2 passed (2)
packages/protocol test:       Tests  39 passed (39)
packages/protocol test:    Start at  01:17:04
packages/protocol test:    Duration  167ms (transform 39ms, setup 0ms, import 156ms, tests 27ms, environment 0ms)
packages/protocol test: Done
packages/plugin-sdk test$ vitest run
packages/plugin-sdk test:  RUN  v4.1.11 /private/tmp/promptiris-role-enforce/packages/plugin-sdk
packages/plugin-sdk test:  Test Files  4 passed (4)
packages/plugin-sdk test:       Tests  36 passed (36)
packages/plugin-sdk test:    Start at  01:17:04
packages/plugin-sdk test:    Duration  162ms (transform 97ms, setup 0ms, import 312ms, tests 42ms, environment 0ms)
packages/plugin-sdk test: Done
packages/core test$ vitest run
packages/core test:  RUN  v4.1.11 /private/tmp/promptiris-role-enforce/packages/core
packages/core test:  Test Files  12 passed (12)
packages/core test:       Tests  196 passed (196)
packages/core test:    Start at  01:17:04
packages/core test:    Duration  345ms (transform 506ms, setup 0ms, import 1.23s, tests 187ms, environment 1ms)
packages/core test: Done
apps/runtime-node test$ vitest run
packages/observer-devtools test$ vitest run
packages/testkit test$ vitest run
packages/observer-devtools test:  RUN  v4.1.11 /private/tmp/promptiris-role-enforce/packages/observer-devtools
apps/runtime-node test:  RUN  v4.1.11 /private/tmp/promptiris-role-enforce/apps/runtime-node
packages/testkit test:  RUN  v4.1.11 /private/tmp/promptiris-role-enforce/packages/testkit
packages/testkit test:  Test Files  1 passed (1)
packages/testkit test:       Tests  1 passed (1)
packages/testkit test:    Start at  01:17:05
packages/testkit test:    Duration  320ms (transform 89ms, setup 0ms, import 209ms, tests 3ms, environment 0ms)
packages/testkit test: Done
packages/observer-devtools test:  Test Files  4 passed (4)
packages/observer-devtools test:       Tests  97 passed (97)
packages/observer-devtools test:    Start at  01:17:05
packages/observer-devtools test:    Duration  648ms (transform 309ms, setup 0ms, import 658ms, tests 582ms, environment 0ms)
packages/observer-devtools test: Done
apps/runtime-node test:  Test Files  5 passed (5)
apps/runtime-node test:       Tests  85 passed (85)
apps/runtime-node test:    Start at  01:17:05
apps/runtime-node test:    Duration  7.22s (transform 381ms, setup 0ms, import 873ms, tests 7.00s, environment 0ms)
apps/runtime-node test: Done
[WARN] Unsupported engine: wanted: {"node":">=24.0.0 <25"} (current: {"node":"v26.8.1","pnpm":"11.24.0"})
$ cd apps/cli-go && GOCACHE=${TMPDIR:-/tmp}/meta-prompt-go-cache go test ./...
ok  	github.com/iamaamir/promptiris/apps/cli-go	(cached)
[WARN] Unsupported engine: wanted: {"node":">=24.0.0 <25"} (current: {"node":"v26.8.1","pnpm":"11.24.0"})
$ node --test tooling/telemetry/*.test.mjs tooling/quality/*.test.mjs && ./tooling/quality/agent-context.test.sh && ./tooling/quality/agent-work.test.sh && ./tooling/quality/candidate-finalize.test.sh && ./tooling/quality/ci-import.test.sh && ./tooling/quality/issue-sync.test.sh && ./tooling/quality/tool-trace.test.sh
✔ CodeQL runs security-and-quality analysis and the project query pack (2.876292ms)
✔ the project query governs every Node process-launch API (0.361333ms)
✔ role evidence rejects symlinks and platforms without no-follow file opens (7.355208ms)
✔ discovers only canonical workspace coverage reports (12.593583ms)
✔ every shared fixture is exercised by a deterministic consumer (5.9105ms)
✔ forbidden-addition rules are monotonic (0.552292ms)
✔ rejects mutation policy weakening and target removal (0.112375ms)
✔ allows monotonic mutation policy improvements (0.051583ms)
✔ allows exactly one safe additive mutation-target registration (0.264417ms)
✔ allows a batch of independently strict mutation-target registrations (0.095209ms)
✔ rejects a batch when a registered target has no matching policy (0.072083ms)
✔ rejects mutation registration that changes aggregate policy or starts with debt (0.055042ms)
✔ requires changed production sources to be mutation governed (0.10575ms)
✔ rejects removal from the executable Stryker target list (0.10775ms)
✔ enforces Work Item paths, test deletion, and immutable goldens (0.304667ms)
✔ rejects new suppressions and skipped tests (0.109208ms)
✔ requires explicit coverage floors at or above 90 percent (6.77325ms)
✔ returns a stable unavailable shape when the mutation report is missing (1.768125ms)
✔ returns a stable unavailable shape when the mutation report has no files (0.076875ms)
✔ summarizes mutation debt separately from excluded mutants (0.602542ms)
✔ reports aggregate, target, and missing-baseline regressions (0.09325ms)
✔ rejects silent removal of a governed mutation target (0.066333ms)
✔ accepts SHA-bound source-blind QA evidence (0.62675ms)
✔ rejects QA that is not source blind (0.051416ms)
✔ accepts hardener evidence without claiming source blindness (0.101209ms)
✔ tool evidence redacts common credential shapes before persistence (42.37625ms)
✔ registers one safe production mutation target and rejects unsafe repeats (96.259917ms)
✔ reviewer reports bind verdicts, comments, findings, and evidence to a candidate (0.698625ms)
✔ reviewer reports reject narrative-only or unlocated findings (0.116208ms)
✔ canonical JSON is independent of object insertion order (5.167583ms)
✔ ledger replay requires contiguous append-only transitions (0.3775ms)
✔ authoritative attempts require completed zero-finding role attempts (0.146708ms)
✔ attestation validation binds identity and validity window (0.104125ms)
✔ evidence references reject absolute and escaping paths before reading (0.093083ms)
✔ bundle validation requires an exact immutable regular-file tree (2.558833ms)
✔ attack surfaces are classified deterministically (0.994625ms)
✔ role interface guides and enforces attempt preparation (2202.690291ms)
✔ binding and verification require three attested independent roles (5080.515292ms)
✔ attempt requires provenance and completed evidence bindings (15.796625ms)
✔ attestation restricts access mode and validates dates (1.557709ms)
✔ input manifests require complete Candidate and role bindings (5.576833ms)
✔ role ledgers require Candidate identity and structured entries (8.223209ms)
✔ test strategies are unique, classified, and evidence-bearing (0.563458ms)
✔ excludes unsupported historical traces from current aggregates (34.835375ms)
✔ summarizes verification runs and mutation evidence (21.812584ms)
✔ ignores stale coverage outside canonical workspaces (18.73725ms)
✔ aggregates and attributes traces across worktrees without duplication (17.431167ms)
ℹ tests 47
ℹ suites 0
ℹ pass 47
ℹ fail 0
ℹ cancelled 0
ℹ skipped 0
ℹ todo 0
ℹ duration_ms 7535.167209
agent-context tests passed
warning: reclaimed expired claim: /private/var/folders/84/kjnjm26150s_jmsy6hhz4wgh0000gn/T/promptiris-agent-work-test.vJGmQo/repo/.agent/claims/isolated-task.json
agent-work tests passed
candidate finalization tests passed
CI import tests passed
issue-sync tests passed
tool-trace tests passed
